
> isite-plus-app@0.1.0 build
> next build

node.exe :  ΓÜá `eslint` configuration in next.config.ts is no 
longer supported. See more info here: https://nextjs.org/docs/app/a
pi-reference/cli/next#next-lint-options
At line:1 char:1
+ & "C:\Program Files\nodejs/node.exe" 
"C:\Users\jeste\AppData\Roaming\ ...
+ ~~~~~~~~~~~~~~~~~~~~~~~~~~~~~~~~~~~~~~~~~~~~~~~~~~~~~~~~~~~~~~~~~
~~~~
    + CategoryInfo          : NotSpecified: ( ΓÜá `eslint` c...xt- 
   lint-options:String) [], RemoteException
    + FullyQualifiedErrorId : NativeCommandError
 
 ΓÜá Invalid next.config.ts options detected: 
 ΓÜá     Unrecognized key(s) in object: 'eslint'
 ΓÜá See more info here: 
https://nextjs.org/docs/messages/invalid-next-config
   Γû▓ Next.js 16.0.10 (Turbopack)
   - Environments: .env.local

 ΓÜá The "middleware" file convention is deprecated. Please use 
"proxy" instead. Learn more: 
https://nextjs.org/docs/messages/middleware-to-proxy
   Creating an optimized production build ...
 Γ£ô Compiled successfully in 16.3s
   Running TypeScript ...
   Collecting page data using 11 workers ...
≡ƒöÑ Firebase Init: Checking credentials...
≡ƒöÑ Key Debug - Length: 2396
≡ƒöÑ Start: '{', End: '}'
≡ƒöÑ Firebase Init: Checking credentials...
≡ƒöÑ Key Debug - Length: 2396
≡ƒöÑ Start: '{', End: '}'
Γ£à Firebase Admin initialized with SERVICE_ACCOUNT_KEY
Γ£à Firebase Admin initialized with SERVICE_ACCOUNT_KEY
   Generating static pages using 11 workers (0/24) ...
   Generating static pages using 11 workers (6/24) 
≡ƒöÑ Firebase Init: Checking credentials...
≡ƒöÑ Key Debug - Length: 2396
≡ƒöÑ Start: '{', End: '}'
Γ£à Firebase Admin initialized with SERVICE_ACCOUNT_KEY
   Generating static pages using 11 workers (12/24) 
   Generating static pages using 11 workers (18/24) 
 Γ£ô Generating static pages using 11 workers (24/24) in 2.2s
   Finalizing page optimization ...

Route (app)
Γöî Γùï /
Γö£ Γùï /_not-found
Γö£ Γùï /about
Γö£ Γùï /announcement
Γö£ ╞Æ /api/admin/setup
Γö£ ╞Æ /api/announcements
Γö£ ╞Æ /api/announcements/[id]
Γö£ ╞Æ /api/attendance
Γö£ ╞Æ /api/auth/login
Γö£ ╞Æ /api/auth/logout
Γö£ ╞Æ /api/community
Γö£ ╞Æ /api/community/[postId]/comments
Γö£ ╞Æ /api/community/batch
Γö£ ╞Æ /api/events
Γö£ ╞Æ /api/logs
Γö£ ╞Æ /api/notifications
Γö£ ╞Æ /api/users
Γö£ ╞Æ /api/users/[id]
Γö£ ╞Æ /api/verify-admin
Γö£ ╞Æ /api/whitelist
Γö£ ╞Æ /api/whitelist/check
Γö£ Γùï /community
Γö£ Γùï /dashboard
Γö£ Γùï /feedback
Γö£ Γùï /ievaluation
Γö£ Γùï /iQr
Γö£ Γùï /iReader
Γö£ Γùï /profile
Γöö ╞Æ /profile/[uid]


╞Æ Proxy (Middleware)

Γùï  (Static)   prerendered as static content
╞Æ  (Dynamic)  server-rendered on demand

