src/app/dashboard/page.tsx(324,201): error TS2322: Type '{ websitePost?: boolean | undefined; facebook?: boolean | undefined; instagram?: boolean | undefined; twitter?: boolean | undefined; }' is not assignable to type '{ websitePost: boolean; facebook: boolean; instagram: boolean; twitter: boolean; }'.
  Types of property 'websitePost' are incompatible.
    Type 'boolean | undefined' is not assignable to type 'boolean'.
      Type 'undefined' is not assignable to type 'boolean'.
src/app/feedback/page.tsx(24,5): error TS7034: Variable 'auth' implicitly has type 'any' in some locations where its type cannot be determined.
src/app/feedback/page.tsx(25,5): error TS7034: Variable 'db' implicitly has type 'any' in some locations where its type cannot be determined.
src/app/feedback/page.tsx(44,24): error TS7031: Binding element 'label' implicitly has an 'any' type.
src/app/feedback/page.tsx(44,31): error TS7031: Binding element 'placeholder' implicitly has an 'any' type.
src/app/feedback/page.tsx(44,44): error TS7031: Binding element 'value' implicitly has an 'any' type.
src/app/feedback/page.tsx(44,51): error TS7031: Binding element 'onChange' implicitly has an 'any' type.
src/app/feedback/page.tsx(87,25): error TS7031: Binding element 'children' implicitly has an 'any' type.
src/app/feedback/page.tsx(87,35): error TS7031: Binding element 'className' implicitly has an 'any' type.
src/app/feedback/page.tsx(87,46): error TS7031: Binding element 'disabled' implicitly has an 'any' type.
src/app/feedback/page.tsx(87,73): error TS7031: Binding element 'onPress' implicitly has an 'any' type.
src/app/feedback/page.tsx(89,7): error TS2322: Type 'string' is not assignable to type '"reset" | "submit" | "button" | undefined'.
src/app/feedback/page.tsx(102,27): error TS7031: Binding element 'onSendAnother' implicitly has an 'any' type.
src/app/feedback/page.tsx(116,6): error TS2741: Property 'disabled' is missing in type '{ children: string; className: string; onPress: any; }' but required in type '{ children: any; className: any; disabled: any; type?: string | undefined; onPress: any; }'.
src/app/feedback/page.tsx(137,22): error TS7006: Parameter 'state' implicitly has an 'any' type.
src/app/feedback/page.tsx(137,29): error TS7006: Parameter 'action' implicitly has an 'any' type.
src/app/feedback/page.tsx(173,10): error TS7005: Variable 'auth' implicitly has an 'any' type.
src/app/feedback/page.tsx(210,31): error TS7006: Parameter 'e' implicitly has an 'any' type.
src/app/feedback/page.tsx(214,26): error TS7005: Variable 'db' implicitly has an 'any' type.
src/app/feedback/page.tsx(217,23): error TS2345: Argument of type '"System is not ready or failed to authenticate. Please wait."' is not assignable to parameter of type 'SetStateAction<null>'.
src/app/feedback/page.tsx(222,23): error TS2345: Argument of type '"Please enter a message before submitting."' is not assignable to parameter of type 'SetStateAction<null>'.
src/app/feedback/page.tsx(247,21): error TS2345: Argument of type '"Something went wrong saving the feedback. Check console for details."' is not assignable to parameter of type 'SetStateAction<null>'.
src/app/feedback/page.tsx(252,30): error TS7006: Parameter 'field' implicitly has an 'any' type.
src/app/feedback/page.tsx(252,41): error TS7006: Parameter 'e' implicitly has an 'any' type.
src/app/feedback/page.tsx(256,29): error TS7006: Parameter 'newType' implicitly has an 'any' type.
src/app/feedback/page.tsx(321,18): error TS2741: Property 'label' is missing in type '{ placeholder: string; value: any; onChange: (e: any) => void; }' but required in type '{ [x: string]: any; label: any; placeholder: any; value: any; onChange: any; isTextarea?: boolean | undefined; }'.
src/app/feedback/page.tsx(326,18): error TS2741: Property 'label' is missing in type '{ placeholder: string; value: any; onChange: (e: any) => void; }' but required in type '{ [x: string]: any; label: any; placeholder: any; value: any; onChange: any; isTextarea?: boolean | undefined; }'.
src/app/feedback/page.tsx(365,18): error TS2741: Property 'onPress' is missing in type '{ children: string | Element; className: string; disabled: any; type: string; }' but required in type '{ children: any; className: any; disabled: any; type?: string | undefined; onPress: any; }'.
src/app/iQr/page.tsx(213,15): error TS2322: Type '{ value: number; className: string; indicatorClassName: string; style: { boxShadow: "0 0 10px #A855F7, 0 0 5px #C084FC"; }; }' is not assignable to type 'IntrinsicAttributes & ProgressProps & RefAttributes<HTMLDivElement>'.
  Property 'indicatorClassName' does not exist on type 'IntrinsicAttributes & ProgressProps & RefAttributes<HTMLDivElement>'.
src/app/iQr/page.tsx(308,13): error TS2322: Type '{ value: number; className: string; indicatorClassName: string; style: { boxShadow: "0 0 10px #A855F7, 0 0 5px #C084FC"; }; }' is not assignable to type 'IntrinsicAttributes & ProgressProps & RefAttributes<HTMLDivElement>'.
  Property 'indicatorClassName' does not exist on type 'IntrinsicAttributes & ProgressProps & RefAttributes<HTMLDivElement>'.
src/app/iReader/page.tsx(45,10): error TS2322: Type '{ children: ReactNode; form?: string | undefined; formAction?: string | ((formData: FormData) => void | Promise<void>) | undefined; formEncType?: string | undefined; ... 286 more ...; whileTap: { ...; }; }' is not assignable to type 'Omit<HTMLMotionProps<"button">, "ref">'.
  Types of property 'onAnimationStart' are incompatible.
    Type 'AnimationEventHandler<HTMLButtonElement> | undefined' is not assignable to type '((definition: AnimationDefinition) => void) | undefined'.
      Type 'AnimationEventHandler<HTMLButtonElement>' is not assignable to type '(definition: AnimationDefinition) => void'.
        Types of parameters 'event' and 'definition' are incompatible.
          Type 'AnimationDefinition' is not assignable to type 'AnimationEvent<HTMLButtonElement>'.
            Type 'string' is not assignable to type 'AnimationEvent<HTMLButtonElement>'.
