.next/dev/types/validator.ts(144,31): error TS2344: Type 'typeof import("C:/Users/jeste/Documents/1CAPSTONE/isite_plus/isite-plus/src/app/api/community/[postId]/comments/route")' does not satisfy the constraint 'RouteHandlerConfig<"/api/community/[postId]/comments">'.
  Types of property 'POST' are incompatible.
    Type '(req: NextRequest, { params }: { params: { postId: string; }; }) => Promise<NextResponse<{ id: string; message: string; }> | NextResponse<{ error: any; }>>' is not assignable to type '(request: NextRequest, context: { params: Promise<{ postId: string; }>; }) => void | Response | Promise<void | Response>'.
      Types of parameters '__1' and 'context' are incompatible.
        Type '{ params: Promise<{ postId: string; }>; }' is not assignable to type '{ params: { postId: string; }; }'.
          Types of property 'params' are incompatible.
            Property 'postId' is missing in type 'Promise<{ postId: string; }>' but required in type '{ postId: string; }'.
.next/dev/types/validator.ts(180,31): error TS2344: Type 'typeof import("C:/Users/jeste/Documents/1CAPSTONE/isite_plus/isite-plus/src/app/api/users/[id]/route")' does not satisfy the constraint 'RouteHandlerConfig<"/api/users/[id]">'.
  Types of property 'PUT' are incompatible.
    Type '(req: NextRequest, { params }: { params: { id: string; }; }) => Promise<NextResponse<{ message: string; }> | NextResponse<{ error: string; }>>' is not assignable to type '(request: NextRequest, context: { params: Promise<{ id: string; }>; }) => void | Response | Promise<void | Response>'.
      Types of parameters '__1' and 'context' are incompatible.
        Type '{ params: Promise<{ id: string; }>; }' is not assignable to type '{ params: { id: string; }; }'.
          Types of property 'params' are incompatible.
            Property 'id' is missing in type 'Promise<{ id: string; }>' but required in type '{ id: string; }'.
src/app/profile/page.tsx(3,53): error TS2307: Cannot find module '@/components/ui/avatar' or its corresponding type declarations.
src/app/profile/page.tsx(4,24): error TS1149: File name 'C:/Users/jeste/Documents/1CAPSTONE/isite_plus/isite-plus/src/components/ui/button.tsx' differs from already included file name 'C:/Users/jeste/Documents/1CAPSTONE/isite_plus/isite-plus/src/components/ui/Button.tsx' only in casing.
  The file is in the program because:
    Imported via '@/components/ui/Button' from file 'C:/Users/jeste/Documents/1CAPSTONE/isite_plus/isite-plus/src/components/layout/Navbar.tsx'
    Imported via "@/components/ui/Button" from file 'C:/Users/jeste/Documents/1CAPSTONE/isite_plus/isite-plus/src/components/layout/ichat.tsx'
    Imported via "@/components/ui/Button" from file 'C:/Users/jeste/Documents/1CAPSTONE/isite_plus/isite-plus/src/app/page.tsx'
    Imported via "@/components/ui/Button" from file 'C:/Users/jeste/Documents/1CAPSTONE/isite_plus/isite-plus/src/components/announcements/AnnouncementFeeds.tsx'
    Imported via "@/components/ui/Button" from file 'C:/Users/jeste/Documents/1CAPSTONE/isite_plus/isite-plus/src/app/announcement/page.tsx'
    Imported via "@/components/ui/Button" from file 'C:/Users/jeste/Documents/1CAPSTONE/isite_plus/isite-plus/src/app/community/page.tsx'
    Imported via "@/components/ui/Button" from file 'C:/Users/jeste/Documents/1CAPSTONE/isite_plus/isite-plus/src/app/iQr/page.tsx'
    Imported via "@/components/ui/button" from file 'C:/Users/jeste/Documents/1CAPSTONE/isite_plus/isite-plus/src/app/profile/page.tsx'
    Matched by include pattern '**/*.tsx' in 'C:/Users/jeste/Documents/1CAPSTONE/isite_plus/isite-plus/tsconfig.json'
    Imported via "@/components/ui/Button" from file 'C:/Users/jeste/Documents/1CAPSTONE/isite_plus/isite-plus/src/components/ui/carousel.tsx'
src/app/profile/page.tsx(5,23): error TS2307: Cannot find module '@/components/ui/badge' or its corresponding type declarations.
src/app/profile/page.tsx(6,58): error TS2307: Cannot find module '@/components/ui/tabs' or its corresponding type declarations.
src/app/profile/page.tsx(7,75): error TS1149: File name 'C:/Users/jeste/Documents/1CAPSTONE/isite_plus/isite-plus/src/components/ui/card.tsx' differs from already included file name 'C:/Users/jeste/Documents/1CAPSTONE/isite_plus/isite-plus/src/components/ui/Card.tsx' only in casing.
  The file is in the program because:
    Imported via "@/components/ui/Card" from file 'C:/Users/jeste/Documents/1CAPSTONE/isite_plus/isite-plus/src/components/layout/ichat.tsx'
    Imported via "../ui/Card" from file 'C:/Users/jeste/Documents/1CAPSTONE/isite_plus/isite-plus/src/components/home/AnnouncementCarousel.tsx'
    Imported via "../ui/Card" from file 'C:/Users/jeste/Documents/1CAPSTONE/isite_plus/isite-plus/src/components/home/FeatureSection.tsx'
    Imported via "@/components/ui/Card" from file 'C:/Users/jeste/Documents/1CAPSTONE/isite_plus/isite-plus/src/components/announcements/AnnouncementFeeds.tsx'
    Imported via "@/components/ui/Card" from file 'C:/Users/jeste/Documents/1CAPSTONE/isite_plus/isite-plus/src/app/announcement/page.tsx'
    Imported via "@/components/ui/Card" from file 'C:/Users/jeste/Documents/1CAPSTONE/isite_plus/isite-plus/src/app/iQr/page.tsx'
    Imported via "@/components/ui/card" from file 'C:/Users/jeste/Documents/1CAPSTONE/isite_plus/isite-plus/src/app/profile/page.tsx'
    Matched by include pattern '**/*.tsx' in 'C:/Users/jeste/Documents/1CAPSTONE/isite_plus/isite-plus/tsconfig.json'
